﻿ai-愿??遺꾩꽍湲?v3_-3諛붾뵒-7肄붾뱶/server.ts(1,21): error TS2307: Cannot find module 'express' or its corresponding type declarations.
ai-愿??遺꾩꽍湲?v3_-3諛붾뵒-7肄붾뱶/server.ts(6,20): error TS2307: Cannot find module 'dotenv' or its corresponding type declarations.
ai-愿??遺꾩꽍湲?v3_-3諛붾뵒-7肄붾뱶/src/App.tsx(7,78): error TS2307: Cannot find module 'lucide-react' or its corresponding type declarations.
ai-愿??遺꾩꽍湲?v3_-3諛붾뵒-7肄붾뱶/src/App.tsx(8,41): error TS2307: Cannot find module 'motion/react' or its corresponding type declarations.
ai-愿??遺꾩꽍湲?v3_-3諛붾뵒-7肄붾뱶/src/components/CameraScanner.tsx(4,97): error TS2307: Cannot find module 'lucide-react' or its corresponding type declarations.
ai-愿??遺꾩꽍湲?v3_-3諛붾뵒-7肄붾뱶/src/components/CameraScanner.tsx(5,24): error TS2307: Cannot find module 'motion/react' or its corresponding type declarations.
ai-愿??遺꾩꽍湲?v3_-3諛붾뵒-7肄붾뱶/src/components/ProfileSetup.tsx(2,24): error TS2307: Cannot find module 'motion/react' or its corresponding type declarations.
ai-愿??遺꾩꽍湲?v3_-3諛붾뵒-7肄붾뱶/src/components/ProfileSetup.tsx(3,87): error TS2307: Cannot find module 'lucide-react' or its corresponding type declarations.
ai-愿??遺꾩꽍湲?v3_-3諛붾뵒-7肄붾뱶/src/components/ReportView.tsx(3,24): error TS2307: Cannot find module 'motion/react' or its corresponding type declarations.
ai-愿??遺꾩꽍湲?v3_-3諛붾뵒-7肄붾뱶/src/components/ReportView.tsx(4,118): error TS2307: Cannot find module 'lucide-react' or its corresponding type declarations.
components/AdminDashboard.tsx(70,19): error TS2345: Argument of type '{ autoApproveCode?: string; }' is not assignable to parameter of type 'SetStateAction<{ autoApproveCode: string; }>'.
  Type '{ autoApproveCode?: string; }' is not assignable to type '{ autoApproveCode: string; }'.
    Property 'autoApproveCode' is optional in type '{ autoApproveCode?: string; }' but required in type '{ autoApproveCode: string; }'.
components/AdminDashboard.tsx(1334,139): error TS2322: Type '"master" | "manager"' is not assignable to type '"manager"'.
  Type '"master"' is not assignable to type '"manager"'.
components/AdminErrorMonitor.tsx(127,60): error TS2339: Property 'regionId' does not exist on type '{ id: string; name: string; }'.
components/AssessmentFlow.tsx(141,51): error TS2339: Property 'KTAROT' does not exist on type 'typeof AssessmentStep'.
components/AssessmentFlow.tsx(145,30): error TS2339: Property 'KTAROT' does not exist on type 'typeof AssessmentStep'.
components/AssessmentFlow.tsx(335,50): error TS2339: Property 'FLEXIBILITY_TEST' does not exist on type 'typeof AssessmentStep'.
components/AssessmentFlow.tsx(347,83): error TS2339: Property 'ARM_RAISE_TEST' does not exist on type 'typeof AssessmentStep'.
components/AssessmentFlow.tsx(614,33): error TS2339: Property 'ARM_RAISE_TEST' does not exist on type 'typeof AssessmentStep'.
components/AssessmentFlow.tsx(622,33): error TS2339: Property 'FLEXIBILITY_TEST' does not exist on type 'typeof AssessmentStep'.
components/AssessmentFlow.tsx(704,38): error TS2339: Property 'ARM_RAISE_TEST' does not exist on type 'typeof AssessmentStep'.
components/AssessmentFlow.tsx(713,38): error TS2339: Property 'FLEXIBILITY_TEST' does not exist on type 'typeof AssessmentStep'.
components/AssessmentFlow.tsx(1010,33): error TS2339: Property 'KTAROT' does not exist on type 'typeof AssessmentStep'.
components/AssessmentFlow.tsx(1011,15): error TS2304: Cannot find name 'KTarotApp'.
components/AssessmentFlow.tsx(1128,27): error TS2339: Property 'BRAIN_REACTION' does not exist on type 'typeof AssessmentStep'.
components/AssessmentFlow.tsx(1129,17): error TS2552: Cannot find name 'TmtBrainTestModule'. Did you mean 'BrainTestModule'?
components/AssessmentFlow.tsx(1129,56): error TS2339: Property 'BRAIN_REACTION' does not exist on type 'typeof AssessmentStep'.
components/AssessmentFlow.tsx(1129,140): error TS2339: Property 'BRAIN_REACTION' does not exist on type 'typeof AssessmentStep'.
components/AssessmentFlow.tsx(1134,27): error TS2339: Property 'SEVEN_CODE_CHECK' does not exist on type 'typeof AssessmentStep'.
components/AssessmentFlow.tsx(1135,17): error TS2304: Cannot find name 'SevenCodeChecklist'.
components/AssessmentFlow.tsx(1135,44): error TS2304: Cannot find name 'handleSevenCodeComplete'.
components/AssessmentFlow.tsx(1135,106): error TS2339: Property 'FACE_ANALYSIS' does not exist on type 'typeof AssessmentStep'.
components/AssessmentFlow.tsx(1137,12): error TS2678: Type 'AssessmentStep.KFACE' is not comparable to type 'AssessmentStep.INTRO | AssessmentStep.USER_INFO | AssessmentStep.POSTURE_FRONT | AssessmentStep.POSTURE_SIDE | AssessmentStep.BALANCE_TEST | AssessmentStep.BRAIN_MEMORY | AssessmentStep.READY_FOR_ANALYSIS | AssessmentStep.ANALYZING | AssessmentStep.REPORT'.
components/AssessmentFlow.tsx(1138,46): error TS2322: Type '{ userInfo: UserInfo; onComplete: (faceData: any) => void; }' is not assignable to type 'IntrinsicAttributes & KFaceAppProps'.
  Property 'onComplete' does not exist on type 'IntrinsicAttributes & KFaceAppProps'.
components/AssessmentFlow.tsx(1182,55): error TS2339: Property 'SEVEN_CODE_CHECK' does not exist on type 'typeof AssessmentStep'.
components/FeedbackDashboard.tsx(54,53): error TS2339: Property 'rating' does not exist on type 'DiagnosticFeedback'.
components/FeedbackDashboard.tsx(55,53): error TS2339: Property 'rating' does not exist on type 'DiagnosticFeedback'.
components/FeedbackDashboard.tsx(56,53): error TS2339: Property 'rating' does not exist on type 'DiagnosticFeedback'.
components/FeedbackDashboard.tsx(84,20): error TS2339: Property 'rating' does not exist on type 'DiagnosticFeedback'.
components/FeedbackDashboard.tsx(275,26): error TS2339: Property 'rating' does not exist on type 'DiagnosticFeedback'.
components/FeedbackDashboard.tsx(277,95): error TS2339: Property 'rating' does not exist on type 'DiagnosticFeedback'.
components/FeedbackDashboard.tsx(302,58): error TS2339: Property 'rating' does not exist on type 'DiagnosticFeedback'.
